
the number of target molecules
15

design_target_property
atomization_energy

sum_free_atom_energies
[-229.67285485 -233.2251275  -233.2251275  -233.2251275  -236.77740015
 -236.77740015 -236.77740015 -236.77740015 -236.77740015 -236.77740015
 -236.77740015 -236.77740015 -240.3296728  -240.3296728  -240.3296728 ]

initial part_coeff
[10.  0.  0.  0.  0.  0.  0.  0.  0.  0.  0.  0.  0.  0.  0.]

norm_part_coeff
[1. 0. 0. 0. 0. 0. 0. 0. 0. 0. 0. 0. 0. 0. 0.]

energies
[-113.07726098 -109.39649486 -113.07726098 -113.07726098 -109.39649486
 -113.07726098 -113.07726098 -109.39649486 -113.07726098 -113.07726098
 -109.39649486 -113.07726098 -113.07726098 -109.39649486 -113.07726098]

atomic_forces
[[[-0.02140491 -0.01168784 -0.0380709 ]
  [ 0.02017666  0.01014676  0.03661351]
  [ 0.          0.          0.        ]
  [ 0.          0.          0.        ]
  [ 0.          0.          0.        ]
  [ 0.          0.          0.        ]
  [ 0.          0.          0.        ]
  [ 0.          0.          0.        ]
  [ 0.          0.          0.        ]
  [ 0.          0.          0.        ]
  [ 0.          0.          0.        ]
  [ 0.          0.          0.        ]]

 [[ 0.00735282  0.00384092  0.01328267]
  [-0.00735282 -0.00384092 -0.01328267]
  [ 0.          0.          0.        ]
  [ 0.          0.          0.        ]
  [ 0.          0.          0.        ]
  [ 0.          0.          0.        ]
  [ 0.          0.          0.        ]
  [ 0.          0.          0.        ]
  [ 0.          0.          0.        ]
  [ 0.          0.          0.        ]
  [ 0.          0.          0.        ]
  [ 0.          0.          0.        ]]]

weight_energy
-113.07726097854544

weight_atomic_forces
[[-0.02140491 -0.01168784 -0.0380709 ]
 [ 0.02017666  0.01014676  0.03661351]
 [ 0.          0.          0.        ]
 [ 0.          0.          0.        ]
 [ 0.          0.          0.        ]
 [ 0.          0.          0.        ]
 [ 0.          0.          0.        ]
 [ 0.          0.          0.        ]
 [ 0.          0.          0.        ]
 [ 0.          0.          0.        ]
 [ 0.          0.          0.        ]
 [ 0.          0.          0.        ]]

atomization_energies
[-116.59559387 -123.82863265 -120.14786652 -120.14786652 -127.3809053
 -123.70013917 -123.70013917 -127.3809053  -123.70013917 -123.70013917
 -127.3809053  -123.70013917 -127.25241182 -130.93317795 -127.25241182]

weight_atomization_energy
-116.5955938748346

weight_atomization_energy_gradient
[-0.  0.  0.  0.  0.  0.  0.  0.  0.  0.  0.  0.  0.  0.  0.]

part_coeff
[10.05  0.05  0.05  0.05  0.05  0.05  0.05  0.05  0.05  0.05  0.05  0.05
  0.05  0.05  0.05]

norm_part_coeff
[9.99653594e-01 2.47432884e-05 2.47432884e-05 2.47432884e-05
 2.47432884e-05 2.47432884e-05 2.47432884e-05 2.47432884e-05
 2.47432884e-05 2.47432884e-05 2.47432884e-05 2.47432884e-05
 2.47432884e-05 2.47432884e-05 2.47432884e-05]
1.0

weight_atomization_energy
-116.59851030350728

weight_atomization_energy_gradient
[-0.00058018  0.00715588  0.00351291  0.00351291  0.01067168  0.00702871
  0.00702871  0.01067168  0.00702871  0.00702871  0.01067168  0.00702871
  0.0105445   0.01418747  0.0105445 ]

